INFO:todefine:Started
INFO:todefine:Started
INFO:todefine:Started
INFO:todefine:Started
INFO:todefine:Started
INFO:todefine:Started
INFO:todefine:Started
INFO:todefine:Started
INFO:todefine:Started
INFO:todefine:Started
INFO:todefine:Started
INFO:todefine:Started
INFO:todefine:Started
INFO:todefine:Started
INFO:todefine:Started
INFO:todefine:Started
INFO:todefine:Started
INFO:todefine:Started
INFO:todefine:Started
INFO:todefine:Started
INFO:todefine:Started
INFO:todefine:Started
INFO:todefine:Started
INFO:todefine:Started
INFO:todefine:Started
INFO:todefine:Started
INFO:todefine:Started
INFO:todefine:Started
INFO:todefine:Started
INFO:todefine:Started
INFO:tests_trains:Processing file: SR_DS_2023-04-04_05-38-54_UTC
INFO:todefine:Started
INFO:tests_trains:Processing file: SR_DS_2023-04-04_05-38-54_UTC
INFO:tests_trains:Shape veh states before selection: (290, 367)
INFO:tests_trains:PRESELECT TEST: 290, 290, 0, 0, 0
INFO:tests_trains:Detections: 0
INFO:tests_trains:Shape veh states before selection: (281, 367)
INFO:tests_trains:PRESELECT TEST: 281, 281, 0, 0, 0
INFO:tests_trains:Detections: 0
INFO:tests_trains:Shape veh states before selection: (174, 367)
INFO:tests_trains:PRESELECT TEST: 174, 174, 0, 0, 0
INFO:tests_trains:Detections: 0
INFO:tests_trains:Shape veh states before selection: (218, 367)
INFO:tests_trains:PRESELECT TEST: 218, 218, 0, 0, 0
INFO:tests_trains:Detections: 0
INFO:tests_trains:Shape veh states before selection: (168, 367)
INFO:tests_trains:PRESELECT TEST: 168, 165, 0, 0, 0
INFO:tests_trains:Detections: 0
INFO:tests_trains:Shape veh states before selection: (181, 367)
INFO:tests_trains:PRESELECT TEST: 176, 176, 0, 0, 0
INFO:tests_trains:Detections: 1
INFO:todefine:Started
INFO:tests_trains:Processing file: SR_DS_2023-04-04_05-38-54_UTC
INFO:tests_trains:Shape veh states before selection: (290, 367)
INFO:tests_trains:PRESELECT TEST: 290, 290, 0, 0, 0
INFO:tests_trains:Detections: 0
INFO:tests_trains:Shape veh states before selection: (281, 367)
INFO:tests_trains:PRESELECT TEST: 281, 281, 0, 0, 0
INFO:tests_trains:Detections: 0
INFO:tests_trains:Shape veh states before selection: (174, 367)
INFO:tests_trains:PRESELECT TEST: 174, 174, 0, 0, 0
INFO:tests_trains:Detections: 0
INFO:tests_trains:Shape veh states before selection: (218, 367)
INFO:tests_trains:PRESELECT TEST: 218, 218, 0, 0, 0
INFO:tests_trains:Detections: 0
INFO:tests_trains:Shape veh states before selection: (168, 367)
INFO:tests_trains:PRESELECT TEST: 168, 165, 0, 0, 0
INFO:tests_trains:Detections: 0
INFO:tests_trains:Shape veh states before selection: (181, 367)
INFO:tests_trains:PRESELECT TEST: 176, 176, 0, 0, 0
INFO:tests_trains:Detections: 1
INFO:tests_trains:Processing file: SR_DS_2023-04-04_06-38-54_UTC
INFO:tests_trains:Shape veh states before selection: (230, 367)
INFO:tests_trains:PRESELECT TEST: 230, 224, 0, 0, 0
INFO:tests_trains:Detections: 0
INFO:tests_trains:Shape veh states before selection: (159, 367)
INFO:tests_trains:PRESELECT TEST: 154, 154, 5, 0, 0
INFO:tests_trains:Detections: 0
INFO:tests_trains:Shape veh states before selection: (117, 367)
INFO:tests_trains:PRESELECT TEST: 117, 117, 0, 0, 0
INFO:tests_trains:Detections: 0
INFO:tests_trains:Shape veh states before selection: (173, 367)
INFO:tests_trains:PRESELECT TEST: 173, 173, 0, 0, 0
INFO:tests_trains:Detections: 0
INFO:tests_trains:Shape veh states before selection: (125, 367)
INFO:tests_trains:PRESELECT TEST: 125, 125, 0, 0, 0
INFO:tests_trains:Detections: 0
INFO:tests_trains:Shape veh states before selection: (107, 367)
INFO:tests_trains:PRESELECT TEST: 97, 95, 0, 0, 0
INFO:tests_trains:Detections: 1
INFO:tests_trains:Processing file: SR_DS_2023-04-04_07-38-54_UTC
INFO:tests_trains:Shape veh states before selection: (310, 367)
INFO:tests_trains:PRESELECT TEST: 310, 310, 0, 0, 0
INFO:tests_trains:Detections: 0
INFO:tests_trains:Shape veh states before selection: (170, 367)
INFO:tests_trains:PRESELECT TEST: 170, 170, 0, 0, 0
INFO:tests_trains:Detections: 0
INFO:tests_trains:Shape veh states before selection: (274, 367)
INFO:tests_trains:PRESELECT TEST: 274, 274, 0, 0, 0
INFO:tests_trains:Detections: 0
INFO:tests_trains:Shape veh states before selection: (586, 367)
INFO:tests_trains:PRESELECT TEST: 586, 586, 0, 0, 0
INFO:tests_trains:Detections: 0
INFO:tests_trains:Shape veh states before selection: (395, 367)
INFO:tests_trains:PRESELECT TEST: 386, 385, 9, 9, 0
INFO:tests_trains:Detections: 0
INFO:tests_trains:Shape veh states before selection: (403, 367)
INFO:tests_trains:PRESELECT TEST: 403, 403, 0, 0, 0
INFO:tests_trains:Detections: 0
INFO:tests_trains:No detections for the hour
INFO:tests_trains:Processing file: SR_DS_2023-04-04_08-38-54_UTC
INFO:tests_trains:Shape veh states before selection: (572, 367)
INFO:tests_trains:PRESELECT TEST: 572, 572, 0, 0, 0
INFO:tests_trains:Detections: 0
INFO:tests_trains:Shape veh states before selection: (567, 367)
INFO:tests_trains:PRESELECT TEST: 567, 565, 0, 0, 0
INFO:tests_trains:Detections: 0
INFO:tests_trains:Shape veh states before selection: (64, 367)
INFO:tests_trains:PRESELECT TEST: 61, 61, 3, 3, 3
INFO:tests_trains:Detections: 0
INFO:tests_trains:Shape veh states before selection: (255, 367)
INFO:tests_trains:PRESELECT TEST: 255, 255, 0, 0, 0
INFO:tests_trains:Detections: 0
INFO:tests_trains:Shape veh states before selection: (122, 367)
INFO:tests_trains:PRESELECT TEST: 122, 122, 0, 0, 0
INFO:tests_trains:Detections: 0
INFO:tests_trains:Shape veh states before selection: (152, 367)
INFO:tests_trains:PRESELECT TEST: 151, 151, 1, 0, 1
INFO:tests_trains:Detections: 0
INFO:tests_trains:No detections for the hour
INFO:tests_trains:Processing file: SR_DS_2023-04-04_09-38-54_UTC
INFO:tests_trains:Shape veh states before selection: (156, 367)
INFO:tests_trains:PRESELECT TEST: 137, 122, 10, 6, 0
INFO:tests_trains:Detections: 1
INFO:tests_trains:Shape veh states before selection: (87, 367)
INFO:tests_trains:PRESELECT TEST: 87, 87, 0, 0, 0
INFO:tests_trains:Detections: 0
INFO:tests_trains:Shape veh states before selection: (287, 367)
INFO:tests_trains:PRESELECT TEST: 287, 287, 0, 0, 0
INFO:tests_trains:Detections: 0
INFO:tests_trains:Shape veh states before selection: (132, 367)
INFO:tests_trains:PRESELECT TEST: 132, 132, 0, 0, 0
INFO:tests_trains:Detections: 0
INFO:tests_trains:Shape veh states before selection: (140, 367)
INFO:tests_trains:PRESELECT TEST: 140, 140, 0, 0, 0
INFO:tests_trains:Detections: 0
INFO:tests_trains:Shape veh states before selection: (296, 367)
INFO:tests_trains:PRESELECT TEST: 265, 265, 0, 0, 8
INFO:tests_trains:Detections: 1
INFO:tests_trains:Processing file: SR_DS_2023-04-04_10-38-54_UTC
INFO:tests_trains:Shape veh states before selection: (92, 367)
INFO:tests_trains:PRESELECT TEST: 92, 92, 0, 0, 0
INFO:tests_trains:Detections: 0
INFO:tests_trains:Shape veh states before selection: (153, 367)
INFO:tests_trains:PRESELECT TEST: 150, 146, 0, 0, 0
INFO:tests_trains:Detections: 1
INFO:tests_trains:Shape veh states before selection: (97, 367)
INFO:tests_trains:PRESELECT TEST: 97, 97, 0, 0, 0
INFO:tests_trains:Detections: 0
INFO:tests_trains:Shape veh states before selection: (133, 367)
INFO:tests_trains:PRESELECT TEST: 124, 124, 0, 0, 0
INFO:tests_trains:Detections: 1
INFO:tests_trains:Shape veh states before selection: (95, 367)
INFO:tests_trains:PRESELECT TEST: 95, 95, 0, 0, 0
INFO:tests_trains:Detections: 0
INFO:tests_trains:Shape veh states before selection: (143, 367)
INFO:tests_trains:PRESELECT TEST: 143, 129, 0, 0, 0
INFO:tests_trains:Detections: 0
INFO:tests_trains:Processing file: SR_DS_2023-04-04_11-38-54_UTC
INFO:tests_trains:Shape veh states before selection: (175, 367)
INFO:tests_trains:PRESELECT TEST: 175, 151, 0, 0, 0
INFO:tests_trains:Detections: 0
INFO:tests_trains:Shape veh states before selection: (132, 367)
INFO:tests_trains:PRESELECT TEST: 132, 132, 0, 0, 0
INFO:tests_trains:Detections: 0
INFO:tests_trains:Shape veh states before selection: (418, 367)
INFO:tests_trains:PRESELECT TEST: 418, 418, 0, 0, 0
INFO:tests_trains:Detections: 0
INFO:tests_trains:Shape veh states before selection: (394, 367)
INFO:tests_trains:PRESELECT TEST: 394, 394, 0, 0, 0
INFO:tests_trains:Detections: 0
INFO:tests_trains:Shape veh states before selection: (314, 367)
INFO:tests_trains:PRESELECT TEST: 314, 314, 0, 0, 0
INFO:tests_trains:Detections: 0
INFO:tests_trains:Shape veh states before selection: (235, 367)
INFO:tests_trains:PRESELECT TEST: 227, 206, 0, 0, 0
INFO:tests_trains:Detections: 1
INFO:todefine:Started
INFO:todefine:Started
INFO:todefine:Started
INFO:todefine:Started
INFO:todefine:Started
INFO:todefine:Started
INFO:todefine:Started
INFO:todefine:Started
INFO:todefine:Started
INFO:todefine:Started
INFO:todefine:Started
INFO:todefine:Started
INFO:todefine:Started
INFO:todefine:Started
INFO:todefine:Started
INFO:todefine:Started
INFO:todefine:Started
